<?xml version="1.0" encoding="UTF-8"?>
<TestRun id="6b19c2de-da49-43e9-9318-da3984aaa51b" name="cfif@CFIF74 2016-11-28 20:49:26" runUser="CFIF74\cfif" xmlns="http://microsoft.com/schemas/VisualStudio/TeamTest/2010">
  <Times creation="2016-11-28T20:49:26.9409184+05:00" queuing="2016-11-28T20:49:26.9409184+05:00" start="2016-11-28T20:49:26.6370377+05:00" finish="2016-11-28T20:49:27.0020811+05:00" />
  <TestSettings name="default" id="bf4d054a-6300-40dc-bc19-e8d797c381f5">
    <Execution>
      <TestTypeSpecific />
    </Execution>
    <Deployment runDeploymentRoot="cfif_CFIF74 2016-11-28 20_49_26" />
    <Properties />
  </TestSettings>
  <Results>
    <UnitTestResult executionId="3b0acd11-a089-4d25-b6e2-807edc130b52" testId="2738f547-5381-2c18-4a9c-0392a71cefed" testName="Test_Menu" computerName="CFIF74" duration="00:00:00.0244386" startTime="2016-11-28T20:49:26.6370377+05:00" endTime="2016-11-28T20:49:26.8494342+05:00" testType="13cdc9d9-ddb5-4fa4-a97d-d965ccfc6d4b" outcome="Passed" testListId="8c84fa94-04c1-424b-9868-57a2d4851a1d" relativeResultsDirectory="3b0acd11-a089-4d25-b6e2-807edc130b52" />
    <UnitTestResult executionId="ed274458-08b6-4d20-af04-188ee233b0d7" testId="9026c1ca-f607-ad97-bcde-9b464a18e908" testName="Test_Min_Map" computerName="CFIF74" duration="00:00:00.0020326" startTime="2016-11-28T20:49:26.8594609+05:00" endTime="2016-11-28T20:49:26.8615076+05:00" testType="13cdc9d9-ddb5-4fa4-a97d-d965ccfc6d4b" outcome="Passed" testListId="8c84fa94-04c1-424b-9868-57a2d4851a1d" relativeResultsDirectory="ed274458-08b6-4d20-af04-188ee233b0d7" />
    <UnitTestResult executionId="174d8ff3-0695-48b4-9c50-76726a47983d" testId="f7c103ac-709d-3a3a-f6e9-2427b34e1d21" testName="Test_Heal_Point" computerName="CFIF74" duration="00:00:00.0021512" startTime="2016-11-28T20:49:26.8615076+05:00" endTime="2016-11-28T20:49:26.8636597+05:00" testType="13cdc9d9-ddb5-4fa4-a97d-d965ccfc6d4b" outcome="Passed" testListId="8c84fa94-04c1-424b-9868-57a2d4851a1d" relativeResultsDirectory="174d8ff3-0695-48b4-9c50-76726a47983d" />
    <UnitTestResult executionId="79e65919-09ba-4471-b4b5-7c36453d87f4" testId="316e2f08-edd7-fb44-f6c7-92ee52a3f903" testName="Test_Weapon" computerName="CFIF74" duration="00:00:00.0014370" startTime="2016-11-28T20:49:26.8636597+05:00" endTime="2016-11-28T20:49:26.8657154+05:00" testType="13cdc9d9-ddb5-4fa4-a97d-d965ccfc6d4b" outcome="Passed" testListId="8c84fa94-04c1-424b-9868-57a2d4851a1d" relativeResultsDirectory="79e65919-09ba-4471-b4b5-7c36453d87f4" />
  </Results>
  <TestDefinitions>
    <UnitTest name="Test_Menu" storage="c:\users\cfif\documents\visual studio 2015\projects\net_lab_1\net_lab_1_test\bin\debug\net_lab_1_test.dll" id="2738f547-5381-2c18-4a9c-0392a71cefed">
      <Execution id="3b0acd11-a089-4d25-b6e2-807edc130b52" />
      <TestMethod codeBase="C:\Users\cfif\Documents\Visual Studio 2015\Projects\NET_lab_1\NET_lab_1_Test\bin\Debug\NET_lab_1_Test.dll" adapterTypeName="Microsoft.VisualStudio.TestTools.TestTypes.Unit.UnitTestAdapter" className="NET_lab_1_Test.Program_Test" name="Test_Menu" />
    </UnitTest>
    <UnitTest name="Test_Min_Map" storage="c:\users\cfif\documents\visual studio 2015\projects\net_lab_1\net_lab_1_test\bin\debug\net_lab_1_test.dll" id="9026c1ca-f607-ad97-bcde-9b464a18e908">
      <Execution id="ed274458-08b6-4d20-af04-188ee233b0d7" />
      <TestMethod codeBase="C:\Users\cfif\Documents\Visual Studio 2015\Projects\NET_lab_1\NET_lab_1_Test\bin\Debug\NET_lab_1_Test.dll" adapterTypeName="Microsoft.VisualStudio.TestTools.TestTypes.Unit.UnitTestAdapter" className="NET_lab_1_Test.Program_Test" name="Test_Min_Map" />
    </UnitTest>
    <UnitTest name="Test_Heal_Point" storage="c:\users\cfif\documents\visual studio 2015\projects\net_lab_1\net_lab_1_test\bin\debug\net_lab_1_test.dll" id="f7c103ac-709d-3a3a-f6e9-2427b34e1d21">
      <Execution id="174d8ff3-0695-48b4-9c50-76726a47983d" />
      <TestMethod codeBase="C:\Users\cfif\Documents\Visual Studio 2015\Projects\NET_lab_1\NET_lab_1_Test\bin\Debug\NET_lab_1_Test.dll" adapterTypeName="Microsoft.VisualStudio.TestTools.TestTypes.Unit.UnitTestAdapter" className="NET_lab_1_Test.Program_Test" name="Test_Heal_Point" />
    </UnitTest>
    <UnitTest name="Test_Weapon" storage="c:\users\cfif\documents\visual studio 2015\projects\net_lab_1\net_lab_1_test\bin\debug\net_lab_1_test.dll" id="316e2f08-edd7-fb44-f6c7-92ee52a3f903">
      <Execution id="79e65919-09ba-4471-b4b5-7c36453d87f4" />
      <TestMethod codeBase="C:\Users\cfif\Documents\Visual Studio 2015\Projects\NET_lab_1\NET_lab_1_Test\bin\Debug\NET_lab_1_Test.dll" adapterTypeName="Microsoft.VisualStudio.TestTools.TestTypes.Unit.UnitTestAdapter" className="NET_lab_1_Test.Program_Test" name="Test_Weapon" />
    </UnitTest>
  </TestDefinitions>
  <TestEntries>
    <TestEntry testId="2738f547-5381-2c18-4a9c-0392a71cefed" executionId="3b0acd11-a089-4d25-b6e2-807edc130b52" testListId="8c84fa94-04c1-424b-9868-57a2d4851a1d" />
    <TestEntry testId="9026c1ca-f607-ad97-bcde-9b464a18e908" executionId="ed274458-08b6-4d20-af04-188ee233b0d7" testListId="8c84fa94-04c1-424b-9868-57a2d4851a1d" />
    <TestEntry testId="f7c103ac-709d-3a3a-f6e9-2427b34e1d21" executionId="174d8ff3-0695-48b4-9c50-76726a47983d" testListId="8c84fa94-04c1-424b-9868-57a2d4851a1d" />
    <TestEntry testId="316e2f08-edd7-fb44-f6c7-92ee52a3f903" executionId="79e65919-09ba-4471-b4b5-7c36453d87f4" testListId="8c84fa94-04c1-424b-9868-57a2d4851a1d" />
  </TestEntries>
  <TestLists>
    <TestList name="Results Not in a List" id="8c84fa94-04c1-424b-9868-57a2d4851a1d" />
    <TestList name="All Loaded Results" id="19431567-8539-422a-85d7-44ee4e166bda" />
  </TestLists>
  <ResultSummary outcome="Completed">
    <Counters total="4" executed="4" passed="4" failed="0" error="0" timeout="0" aborted="0" inconclusive="0" passedButRunAborted="0" notRunnable="0" notExecuted="0" disconnected="0" warning="0" completed="0" inProgress="0" pending="0" />
  </ResultSummary>
</TestRun>